// Jest Snapshot v1, https://goo.gl/fbAQLP

exports[`App component renders App 1`] = `
<Fragment>
  <BrowserRouter>
    <Header />
    <Switch>
      <Route
        component={[Function]}
        path="/resume"
      />
      <Route
        component={[Function]}
        path="/projects"
      />
    </Switch>
  </BrowserRouter>
</Fragment>
`;
